// Jest Snapshot v1, https://goo.gl/fbAQLP

exports[`Pruebas en <ProductGridItem /> debe de mostrar <ProductGridItem /> correctamente 1`] = `
<div
  className="card animate__animated animate__fadeIn"
>
  <p>
    Identificador: 
    2
  </p>
  <img
    alt="dsaasd"
    src="https://www.lider.cl/catalogo/images/babyIcon.svg"
  />
  <p
    className="discount"
  >
    Descuento %
    50
     ðŸ’¥ 
  </p>
  <p>
     
    <b>
      Precio normal
    </b>
     
    <br />
    <del>
      $
      130.173
    </del>
  </p>
  <p>
     
    <b>
      Precio x Hoy
    </b>
     
    <br />
     $
    65.086,5
     ðŸ˜±
  </p>
  <p
    className="brand"
  >
    <b>
      Marca
    </b>
     
    <br />
     
    dsaasd
  </p>
  <p>
    <b>
      DescripciÃ³n
    </b>
     
    <br />
    zlrwax bÃ±yrh
  </p>
</div>
`;
